// Jest Snapshot v1, https://goo.gl/fbAQLP

exports[`BoxCoord renders a snapshot properly 1`] = `
Array [
  <span
    style={
      Object {
        "background": "powderblue",
        "borderRadius": "4px",
        "color": "maroon",
        "letterSpacing": "0.2rem",
        "margin": "5px",
        "padding": "5px 10px",
      }
    }
  >
    10
  </span>,
  <span
    style={
      Object {
        "background": "powderblue",
        "borderRadius": "4px",
        "color": "maroon",
        "letterSpacing": "0.2rem",
        "margin": "5px",
        "padding": "5px 10px",
      }
    }
  >
    10
  </span>,
  <span
    style={
      Object {
        "background": "powderblue",
        "borderRadius": "4px",
        "color": "maroon",
        "letterSpacing": "0.2rem",
        "margin": "5px",
        "padding": "5px 10px",
      }
    }
  >
    20
  </span>,
  <span
    style={
      Object {
        "background": "powderblue",
        "borderRadius": "4px",
        "color": "maroon",
        "letterSpacing": "0.2rem",
        "margin": "5px",
        "padding": "5px 10px",
      }
    }
  >
    20
  </span>,
]
`;
