// Jest Snapshot v1, https://goo.gl/fbAQLP

exports[`BoxDetail renders a snapshot properly 1`] = `
<div
  className="ui segment"
>
  <div
    className="ui center aligned two column divided grid"
  >
    <div
      className="row"
      style={
        Object {
          "alignItems": "center",
        }
      }
    >
      <div
        className="column"
      >
        <span
          className="ui header"
          style={
            Object {
              "color": "firebrick",
              "letterSpacing": "0.25rem",
            }
          }
        >
          dog
        </span>
      </div>
      <div
        className="column"
      >
        <span>
          <button
            className="circular grey ui icon button"
            onClick={[Function]}
          >
            <i
              className="eye icon"
            />
          </button>
          <button
            className="circular red ui icon button"
            onClick={[Function]}
          >
            <i
              className="edit icon"
            />
          </button>
        </span>
      </div>
    </div>
    <div
      className="row"
      style={
        Object {
          "paddingTop": "0",
        }
      }
    >
      <span
        style={
          Object {
            "background": "powderblue",
            "borderRadius": "4px",
            "color": "maroon",
            "letterSpacing": "0.2rem",
            "margin": "5px",
            "padding": "5px 10px",
          }
        }
      >
        10
      </span>
      <span
        style={
          Object {
            "background": "powderblue",
            "borderRadius": "4px",
            "color": "maroon",
            "letterSpacing": "0.2rem",
            "margin": "5px",
            "padding": "5px 10px",
          }
        }
      >
        10
      </span>
      <span
        style={
          Object {
            "background": "powderblue",
            "borderRadius": "4px",
            "color": "maroon",
            "letterSpacing": "0.2rem",
            "margin": "5px",
            "padding": "5px 10px",
          }
        }
      >
        20
      </span>
      <span
        style={
          Object {
            "background": "powderblue",
            "borderRadius": "4px",
            "color": "maroon",
            "letterSpacing": "0.2rem",
            "margin": "5px",
            "padding": "5px 10px",
          }
        }
      >
        20
      </span>
    </div>
  </div>
</div>
`;
