// Jest Snapshot v1, https://goo.gl/fbAQLP

exports[`ImageDetail renders a snapshot properly 1`] = `
<div
  className="ui center aligned stackable two column grid"
>
  <div
    className="row"
  >
    <div
      className="column"
    >
      <svg
        height={0}
        style={
          Object {
            "marginLeft": "-14px",
          }
        }
        width={0}
        xmlns="http://www.w3.org/2000/svg"
        xmlnsXlink="http://www.w3.org/1999/xlink"
      >
        <image
          height={0}
          style={
            Object {
              "height": "100%",
            }
          }
          width={0}
          x="0"
          xlinkHref="http://localhost/api/uploads/testImage"
          y="0"
        />
      </svg>
      <p />
      <a
        href="http://localhost/api/annotations/kitti/testImage"
      >
        <button
          className="ui primary button"
        >
          Download annotation
        </button>
      </a>
    </div>
    <div
      className="column"
    >
      <div
        className="ui left aligned red segment"
      >
        <p>
          Author: 
          <span
            style={
              Object {
                "color": "tomato",
                "fontSize": "1.6rem",
              }
            }
          >
            testUser
          </span>
        </p>
        <p>
          Uploaded at: 
          <span
            style={
              Object {
                "color": "chocolate",
                "fontStyle": "italic",
              }
            }
          >
            2000/01/01 01:02
          </span>
        </p>
      </div>
      <div
        className="ui segments"
      />
      <button
        className="ui circular primary button"
        onClick={[Function]}
      >
        Add
      </button>
    </div>
  </div>
</div>
`;
