// Jest Snapshot v1, https://goo.gl/fbAQLP

exports[`ImageDetail renders a snapshot properly 1`] = `
<div
  className="ui two column stackable grid"
>
  <div
    className="row"
  >
    <div
      className="column"
    >
      <div
        className="ui rounded image"
      >
        <img
          alt="Some image here"
          onClick={[Function]}
          src="http://localhost:5000/api/detects/testImage"
        />
      </div>
      <p />
      <a
        href="http://localhost:5000/api/annotations/kitti/testImage"
      >
        <button
          className="ui primary button"
        >
          Download annotation
        </button>
      </a>
    </div>
    <div
      className="column"
    >
      <div
        className="ui left aligned red segment"
      >
        <div
          className="ui center aligned header"
        >
          Image details
        </div>
        <p>
          Author: Chun
        </p>
        <p>
          Uploaded at: 
          2000/01/01 01:02
        </p>
      </div>
      <div
        className="ui segments"
      >
        <div
          className="ui left aligned blue segment"
        >
          <div
            className="ui center aligned header"
          >
            Bounding boxes
          </div>
        </div>
        <div
          className="ui segments"
        >
          <div
            className="ui left aligned segment"
          >
            <div
              className="ui header"
            >
              dog
            </div>
            <p>
              <span
                style={
                  Object {
                    "background": "powderblue",
                    "borderRadius": "4px",
                    "color": "maroon",
                    "letterSpacing": "1px",
                    "margin": "5px",
                    "padding": "5px 10px",
                  }
                }
              >
                10
              </span>
              <span
                style={
                  Object {
                    "background": "powderblue",
                    "borderRadius": "4px",
                    "color": "maroon",
                    "letterSpacing": "1px",
                    "margin": "5px",
                    "padding": "5px 10px",
                  }
                }
              >
                10
              </span>
              <span
                style={
                  Object {
                    "background": "powderblue",
                    "borderRadius": "4px",
                    "color": "maroon",
                    "letterSpacing": "1px",
                    "margin": "5px",
                    "padding": "5px 10px",
                  }
                }
              >
                20
              </span>
              <span
                style={
                  Object {
                    "background": "powderblue",
                    "borderRadius": "4px",
                    "color": "maroon",
                    "letterSpacing": "1px",
                    "margin": "5px",
                    "padding": "5px 10px",
                  }
                }
              >
                20
              </span>
            </p>
          </div>
          <div
            className="ui left aligned segment"
          >
            <div
              className="ui header"
            >
              cat
            </div>
            <p>
              <span
                style={
                  Object {
                    "background": "powderblue",
                    "borderRadius": "4px",
                    "color": "maroon",
                    "letterSpacing": "1px",
                    "margin": "5px",
                    "padding": "5px 10px",
                  }
                }
              >
                20
              </span>
              <span
                style={
                  Object {
                    "background": "powderblue",
                    "borderRadius": "4px",
                    "color": "maroon",
                    "letterSpacing": "1px",
                    "margin": "5px",
                    "padding": "5px 10px",
                  }
                }
              >
                20
              </span>
              <span
                style={
                  Object {
                    "background": "powderblue",
                    "borderRadius": "4px",
                    "color": "maroon",
                    "letterSpacing": "1px",
                    "margin": "5px",
                    "padding": "5px 10px",
                  }
                }
              >
                40
              </span>
              <span
                style={
                  Object {
                    "background": "powderblue",
                    "borderRadius": "4px",
                    "color": "maroon",
                    "letterSpacing": "1px",
                    "margin": "5px",
                    "padding": "5px 10px",
                  }
                }
              >
                40
              </span>
            </p>
          </div>
        </div>
      </div>
    </div>
  </div>
</div>
`;
