// Jest Snapshot v1, https://goo.gl/fbAQLP

exports[`LabelEditForm renders a snapshot properly 1`] = `
<div
  className="ui form"
>
  <div
    className="field"
  >
    <input
      name="label"
      onChange={[MockFunction]}
      style={
        Object {
          "border": "none",
          "borderBottom": "1px solid #38ACEC",
          "borderRadius": "0",
          "color": "#38ACEC",
          "fontSize": "1.2rem",
          "outline": "none",
          "textAlign": "center",
        }
      }
      type="text"
      value="dog"
    />
  </div>
</div>
`;
