// Jest Snapshot v1, https://goo.gl/fbAQLP

exports[`UploadInfo renders a snapshot properly 1`] = `
<div
  className="ui left aligned red segment"
>
  <p>
    Author: 
    <span
      style={
        Object {
          "color": "tomato",
          "fontSize": "1.6rem",
        }
      }
    >
      testUser
    </span>
  </p>
  <p>
    Uploaded at: 
    <span
      style={
        Object {
          "color": "chocolate",
          "fontStyle": "italic",
        }
      }
    >
      2000/01/01 01:02
    </span>
  </p>
</div>
`;
